// Jest Snapshot v1, https://goo.gl/fbAQLP

exports[`SelectDouble组件 render SelectDouble correctly 1`] = `
<div
  className=""
>
  <div
    className="ant-select ant-select-enabled ant-select-allow-clear"
    onBlur={[Function]}
    onClick={[Function]}
    onFocus={[Function]}
    onMouseDown={[Function]}
    onTouchStart={[Function]}
    style={
      Object {
        "width": 200,
      }
    }
  >
    <div
      aria-autocomplete="list"
      aria-expanded={false}
      aria-haspopup="true"
      className="ant-select-selection
            ant-select-selection--single"
      onKeyDown={[Function]}
      role="combobox"
      tabIndex={0}
    >
      <div
        className="ant-select-selection__rendered"
      >
        <div
          className="ant-select-selection__placeholder"
          onClick={[Function]}
          onMouseDown={[Function]}
          style={
            Object {
              "WebkitUserSelect": "none",
              "display": "block",
              "userSelect": "none",
            }
          }
          unselectable="on"
        >
          请选择
        </div>
        <div
          className="ant-select-search ant-select-search--inline"
          style={
            Object {
              "display": "none",
            }
          }
        >
          <div
            className="ant-select-search__field__wrap"
          >
            <input
              autoComplete="off"
              className="ant-select-search__field"
              onChange={[Function]}
              onKeyDown={[Function]}
              value=""
            />
            <span
              className="ant-select-search__field__mirror"
            >
              
               
            </span>
          </div>
        </div>
      </div>
      <span
        className="ant-select-arrow"
        onClick={[Function]}
        style={
          Object {
            "WebkitUserSelect": "none",
            "userSelect": "none",
          }
        }
        unselectable="on"
      >
        <b />
      </span>
    </div>
  </div>
  <div
    className="ant-select ant-select-enabled ant-select-allow-clear"
    onBlur={[Function]}
    onClick={[Function]}
    onFocus={[Function]}
    onMouseDown={[Function]}
    onTouchStart={[Function]}
    style={
      Object {
        "width": 200,
      }
    }
  >
    <div
      aria-autocomplete="list"
      aria-expanded={false}
      aria-haspopup="true"
      className="ant-select-selection
            ant-select-selection--single"
      onKeyDown={[Function]}
      role="combobox"
      tabIndex={0}
    >
      <div
        className="ant-select-selection__rendered"
      >
        <div
          className="ant-select-selection__placeholder"
          onClick={[Function]}
          onMouseDown={[Function]}
          style={
            Object {
              "WebkitUserSelect": "none",
              "display": "block",
              "userSelect": "none",
            }
          }
          unselectable="on"
        >
          请选择
        </div>
        <div
          className="ant-select-search ant-select-search--inline"
          style={
            Object {
              "display": "none",
            }
          }
        >
          <div
            className="ant-select-search__field__wrap"
          >
            <input
              autoComplete="off"
              className="ant-select-search__field"
              onChange={[Function]}
              onKeyDown={[Function]}
              value=""
            />
            <span
              className="ant-select-search__field__mirror"
            >
              
               
            </span>
          </div>
        </div>
      </div>
      <span
        className="ant-select-arrow"
        onClick={[Function]}
        style={
          Object {
            "WebkitUserSelect": "none",
            "userSelect": "none",
          }
        }
        unselectable="on"
      >
        <b />
      </span>
    </div>
  </div>
</div>
`;
